task,route,iteration,operations,elapsed_ns,allocation_calls,allocated_bytes,borrowed_input_bytes,adapter_copy_events,adapter_copied_bytes,owner_live_count,view_live_count,string_live_count
regex_scan,handwritten_adapter,0,4096,73847917,270336,26423296,114688,0,0,0,0,0
regex_scan,generated_semaprax,0,4096,85135625,270337,26423456,114688,0,0,0,0,0
regex_scan,direct_rust,0,4096,108922083,270336,26423296,114688,0,0,0,0,0
regex_scan,generated_semaprax,1,4096,101736166,270337,26423456,114688,0,0,0,0,0
regex_scan,direct_rust,1,4096,78352708,270336,26423296,114688,0,0,0,0,0
regex_scan,handwritten_adapter,1,4096,79391459,270336,26423296,114688,0,0,0,0,0
regex_scan,direct_rust,2,4096,77643250,270336,26423296,114688,0,0,0,0,0
regex_scan,handwritten_adapter,2,4096,76605167,270336,26423296,114688,0,0,0,0,0
regex_scan,generated_semaprax,2,4096,104758334,270337,26423456,114688,0,0,0,0,0
regex_scan,handwritten_adapter,3,4096,78916833,270336,26423296,114688,0,0,0,0,0
regex_scan,generated_semaprax,3,4096,89019166,270337,26423456,114688,0,0,0,0,0
regex_scan,direct_rust,3,4096,84036792,270336,26423296,114688,0,0,0,0,0
regex_scan,generated_semaprax,4,4096,171825084,270337,26423456,114688,0,0,0,0,0
regex_scan,direct_rust,4,4096,129220833,270336,26423296,114688,0,0,0,0,0
regex_scan,handwritten_adapter,4,4096,80062208,270336,26423296,114688,0,0,0,0,0
url_parse_view,handwritten_adapter,0,4096,14391667,4096,114688,114688,0,0,0,0,0
url_parse_view,generated_semaprax,0,4096,21982542,4097,115264,114688,0,0,0,0,0
url_parse_view,direct_rust,0,4096,14539833,4096,114688,114688,0,0,0,0,0
url_parse_view,generated_semaprax,1,4096,25518583,4097,115264,114688,0,0,0,0,0
url_parse_view,direct_rust,1,4096,19035292,4096,114688,114688,0,0,0,0,0
url_parse_view,handwritten_adapter,1,4096,16665792,4096,114688,114688,0,0,0,0,0
url_parse_view,direct_rust,2,4096,17059667,4096,114688,114688,0,0,0,0,0
url_parse_view,handwritten_adapter,2,4096,14962459,4096,114688,114688,0,0,0,0,0
url_parse_view,generated_semaprax,2,4096,24108833,4097,115264,114688,0,0,0,0,0
url_parse_view,handwritten_adapter,3,4096,15315750,4096,114688,114688,0,0,0,0,0
url_parse_view,generated_semaprax,3,4096,22630667,4097,115264,114688,0,0,0,0,0
url_parse_view,direct_rust,3,4096,14579667,4096,114688,114688,0,0,0,0,0
url_parse_view,generated_semaprax,4,4096,22276791,4097,115264,114688,0,0,0,0,0
url_parse_view,direct_rust,4,4096,14674708,4096,114688,114688,0,0,0,0,0
url_parse_view,handwritten_adapter,4,4096,16997709,4096,114688,114688,0,0,0,0,0
