task,route,iteration,operations,elapsed_ns,allocation_calls,allocated_bytes,adapter_buffer_copied_bytes
generic_record,handwritten_adapter,0,32,143125,128,8384,0
generic_record,generated_semaprax,0,32,156459,192,8576,0
generic_record,direct_rust,0,32,144666,128,8384,0
generic_record,generated_semaprax,1,32,150833,192,8576,0
generic_record,direct_rust,1,32,146000,128,8384,0
generic_record,handwritten_adapter,1,32,157750,128,8384,0
generic_record,direct_rust,2,32,143166,128,8384,0
generic_record,handwritten_adapter,2,32,143792,128,8384,0
generic_record,generated_semaprax,2,32,154166,192,8576,0
generic_record,handwritten_adapter,3,32,142417,128,8384,0
generic_record,generated_semaprax,3,32,150334,192,8576,0
generic_record,direct_rust,3,32,148250,128,8384,0
generic_record,generated_semaprax,4,32,150583,192,8576,0
generic_record,direct_rust,4,32,146084,128,8384,0
generic_record,handwritten_adapter,4,32,171583,128,8384,0
stateful_callback,handwritten_adapter,0,32,7625,32,512,0
stateful_callback,generated_semaprax,0,32,35625,128,5888,0
stateful_callback,direct_rust,0,32,2791,0,0,0
stateful_callback,generated_semaprax,1,32,34958,128,5888,0
stateful_callback,direct_rust,1,32,2750,0,0,0
stateful_callback,handwritten_adapter,1,32,7666,32,512,0
stateful_callback,direct_rust,2,32,2333,0,0,0
stateful_callback,handwritten_adapter,2,32,7167,32,512,0
stateful_callback,generated_semaprax,2,32,34458,128,5888,0
stateful_callback,handwritten_adapter,3,32,7334,32,512,0
stateful_callback,generated_semaprax,3,32,34375,128,5888,0
stateful_callback,direct_rust,3,32,2458,0,0,0
stateful_callback,generated_semaprax,4,32,35166,128,5888,0
stateful_callback,direct_rust,4,32,2209,0,0,0
stateful_callback,handwritten_adapter,4,32,7625,32,512,0
