route,iteration,elapsed_ns,body_bytes,foreign_response_body_copied_bytes,host_callback_captured_bytes,allocation_calls,deallocation_calls,reallocation_calls,allocated_bytes,deallocated_bytes
direct_rust,0,415250,2,2,0,85,85,7,44913,44913
handwritten_adapter,0,402542,2,2,0,85,85,7,44913,44913
generated_semaprax,0,8613917,2,2,2,5261,5257,405,2033629,2032820
handwritten_adapter,1,927041,2,2,0,85,85,7,44913,44913
generated_semaprax,1,7558792,2,2,2,5261,5257,405,2033629,2032820
direct_rust,1,786459,2,2,0,85,85,7,44913,44913
generated_semaprax,2,12943833,2,2,2,5261,5257,405,2033629,2032820
direct_rust,2,873459,2,2,0,85,85,7,44913,44913
handwritten_adapter,2,430333,2,2,0,85,85,7,44913,44913
direct_rust,3,371000,2,2,0,85,85,7,44913,44913
handwritten_adapter,3,346500,2,2,0,85,85,7,44913,44913
generated_semaprax,3,6509959,2,2,2,5261,5257,405,2033629,2032820
handwritten_adapter,4,522416,2,2,0,85,85,7,44913,44913
generated_semaprax,4,5426583,2,2,2,5261,5257,405,2033629,2032820
direct_rust,4,803417,2,2,0,85,85,7,44913,44913
generated_semaprax,5,5925500,2,2,2,5261,5257,405,2033629,2032820
direct_rust,5,1332875,2,2,0,85,85,7,44913,44913
handwritten_adapter,5,717541,2,2,0,85,85,7,44913,44913
direct_rust,6,490625,2,2,0,85,85,7,44913,44913
handwritten_adapter,6,428167,2,2,0,85,85,7,44913,44913
generated_semaprax,6,9501334,2,2,2,5261,5257,405,2033629,2032820
handwritten_adapter,7,1039250,2,2,0,85,85,7,44913,44913
generated_semaprax,7,8195417,2,2,2,5261,5257,405,2033629,2032820
direct_rust,7,997333,2,2,0,85,85,7,44913,44913
generated_semaprax,8,6840958,2,2,2,5261,5257,405,2033629,2032820
direct_rust,8,543041,2,2,0,85,85,7,44913,44913
handwritten_adapter,8,371500,2,2,0,85,85,7,44913,44913
direct_rust,9,363250,2,2,0,85,85,7,44913,44913
handwritten_adapter,9,337834,2,2,0,85,85,7,44913,44913
generated_semaprax,9,7894542,2,2,2,5261,5257,405,2033629,2032820
handwritten_adapter,10,989583,2,2,0,85,85,7,44913,44913
generated_semaprax,10,6839417,2,2,2,5261,5257,405,2033629,2032820
direct_rust,10,606084,2,2,0,85,85,7,44913,44913
generated_semaprax,11,6293625,2,2,2,5261,5257,405,2033629,2032820
direct_rust,11,654416,2,2,0,85,85,7,44913,44913
handwritten_adapter,11,380417,2,2,0,85,85,7,44913,44913
direct_rust,12,370458,2,2,0,85,85,7,44913,44913
handwritten_adapter,12,372791,2,2,0,85,85,7,44913,44913
generated_semaprax,12,6298166,2,2,2,5261,5257,405,2033629,2032820
handwritten_adapter,13,609292,2,2,0,85,85,7,44913,44913
generated_semaprax,13,5993125,2,2,2,5261,5257,405,2033629,2032820
direct_rust,13,807375,2,2,0,85,85,7,44913,44913
generated_semaprax,14,7649333,2,2,2,5261,5257,405,2033629,2032820
direct_rust,14,841542,2,2,0,85,85,7,44913,44913
handwritten_adapter,14,422167,2,2,0,85,85,7,44913,44913
direct_rust,15,363583,2,2,0,85,85,7,44913,44913
handwritten_adapter,15,344334,2,2,0,85,85,7,44913,44913
generated_semaprax,15,6289625,2,2,2,5261,5257,405,2033629,2032820
handwritten_adapter,16,596125,2,2,0,85,85,7,44913,44913
generated_semaprax,16,5777042,2,2,2,5261,5257,405,2033629,2032820
direct_rust,16,667250,2,2,0,85,85,7,44913,44913
generated_semaprax,17,5550375,2,2,2,5261,5257,405,2033629,2032820
direct_rust,17,512625,2,2,0,85,85,7,44913,44913
handwritten_adapter,17,370834,2,2,0,85,85,7,44913,44913
direct_rust,18,344958,2,2,0,85,85,7,44913,44913
handwritten_adapter,18,559042,2,2,0,85,85,7,44913,44913
generated_semaprax,18,6760500,2,2,2,5261,5257,405,2033629,2032820
handwritten_adapter,19,985792,2,2,0,85,85,7,44913,44913
generated_semaprax,19,6082166,2,2,2,5261,5257,405,2033629,2032820
direct_rust,19,554500,2,2,0,85,85,7,44913,44913
generated_semaprax,20,5391041,2,2,2,5261,5257,405,2033629,2032820
direct_rust,20,525292,2,2,0,85,85,7,44913,44913
handwritten_adapter,20,363458,2,2,0,85,85,7,44913,44913
direct_rust,21,343416,2,2,0,85,85,7,44913,44913
handwritten_adapter,21,354375,2,2,0,85,85,7,44913,44913
generated_semaprax,21,5133083,2,2,2,5261,5257,405,2033629,2032820
handwritten_adapter,22,541833,2,2,0,85,85,7,44913,44913
generated_semaprax,22,4953375,2,2,2,5261,5257,405,2033629,2032820
direct_rust,22,532792,2,2,0,85,85,7,44913,44913
generated_semaprax,23,5549334,2,2,2,5261,5257,405,2033629,2032820
direct_rust,23,634709,2,2,0,85,85,7,44913,44913
handwritten_adapter,23,518917,2,2,0,85,85,7,44913,44913
direct_rust,24,533042,2,2,0,85,85,7,44913,44913
handwritten_adapter,24,374625,2,2,0,85,85,7,44913,44913
generated_semaprax,24,9920000,2,2,2,5261,5257,405,2033629,2032820
handwritten_adapter,25,655875,2,2,0,85,85,7,44913,44913
generated_semaprax,25,5522208,2,2,2,5261,5257,405,2033629,2032820
direct_rust,25,503083,2,2,0,85,85,7,44913,44913
generated_semaprax,26,4961333,2,2,2,5261,5257,405,2033629,2032820
direct_rust,26,492334,2,2,0,85,85,7,44913,44913
handwritten_adapter,26,356375,2,2,0,85,85,7,44913,44913
direct_rust,27,344250,2,2,0,85,85,7,44913,44913
handwritten_adapter,27,330958,2,2,0,85,85,7,44913,44913
generated_semaprax,27,5274958,2,2,2,5261,5257,405,2033629,2032820
handwritten_adapter,28,699250,2,2,0,85,85,7,44913,44913
generated_semaprax,28,6681708,2,2,2,5261,5257,405,2033629,2032820
direct_rust,28,652958,2,2,0,85,85,7,44913,44913
generated_semaprax,29,5144583,2,2,2,5261,5257,405,2033629,2032820
direct_rust,29,498250,2,2,0,85,85,7,44913,44913
handwritten_adapter,29,359458,2,2,0,85,85,7,44913,44913
direct_rust,30,386541,2,2,0,85,85,7,44913,44913
handwritten_adapter,30,382209,2,2,0,85,85,7,44913,44913
generated_semaprax,30,5424917,2,2,2,5261,5257,405,2033629,2032820
handwritten_adapter,31,475709,2,2,0,85,85,7,44913,44913
generated_semaprax,31,5482125,2,2,2,5261,5257,405,2033629,2032820
direct_rust,31,568708,2,2,0,85,85,7,44913,44913
generated_semaprax,32,5461917,2,2,2,5261,5257,405,2033629,2032820
direct_rust,32,841542,2,2,0,85,85,7,44913,44913
handwritten_adapter,32,651708,2,2,0,85,85,7,44913,44913
direct_rust,33,359833,2,2,0,85,85,7,44913,44913
handwritten_adapter,33,336333,2,2,0,85,85,7,44913,44913
generated_semaprax,33,7912375,2,2,2,5261,5257,405,2033629,2032820
handwritten_adapter,34,912709,2,2,0,85,85,7,44913,44913
generated_semaprax,34,6199625,2,2,2,5261,5257,405,2033629,2032820
direct_rust,34,781833,2,2,0,85,85,7,44913,44913
generated_semaprax,35,6447333,2,2,2,5261,5257,405,2033629,2032820
direct_rust,35,915291,2,2,0,85,85,7,44913,44913
handwritten_adapter,35,420292,2,2,0,85,85,7,44913,44913
direct_rust,36,358000,2,2,0,85,85,7,44913,44913
handwritten_adapter,36,432834,2,2,0,85,85,7,44913,44913
generated_semaprax,36,5899417,2,2,2,5261,5257,405,2033629,2032820
handwritten_adapter,37,1134958,2,2,0,85,85,7,44913,44913
generated_semaprax,37,8232417,2,2,2,5261,5257,405,2033629,2032820
direct_rust,37,857083,2,2,0,85,85,7,44913,44913
generated_semaprax,38,5564458,2,2,2,5261,5257,405,2033629,2032820
direct_rust,38,591208,2,2,0,85,85,7,44913,44913
handwritten_adapter,38,365625,2,2,0,85,85,7,44913,44913
direct_rust,39,339250,2,2,0,85,85,7,44913,44913
handwritten_adapter,39,329583,2,2,0,85,85,7,44913,44913
generated_semaprax,39,5366875,2,2,2,5261,5257,405,2033629,2032820
handwritten_adapter,40,490584,2,2,0,85,85,7,44913,44913
generated_semaprax,40,5012875,2,2,2,5261,5257,405,2033629,2032820
direct_rust,40,484875,2,2,0,85,85,7,44913,44913
generated_semaprax,41,5011042,2,2,2,5261,5257,405,2033629,2032820
direct_rust,41,700375,2,2,0,85,85,7,44913,44913
handwritten_adapter,41,406875,2,2,0,85,85,7,44913,44913
direct_rust,42,355708,2,2,0,85,85,7,44913,44913
handwritten_adapter,42,342625,2,2,0,85,85,7,44913,44913
generated_semaprax,42,6595583,2,2,2,5261,5257,405,2033629,2032820
handwritten_adapter,43,673750,2,2,0,85,85,7,44913,44913
generated_semaprax,43,5344333,2,2,2,5261,5257,405,2033629,2032820
direct_rust,43,486708,2,2,0,85,85,7,44913,44913
generated_semaprax,44,5176958,2,2,2,5261,5257,405,2033629,2032820
direct_rust,44,647000,2,2,0,85,85,7,44913,44913
handwritten_adapter,44,427167,2,2,0,85,85,7,44913,44913
direct_rust,45,364584,2,2,0,85,85,7,44913,44913
handwritten_adapter,45,346917,2,2,0,85,85,7,44913,44913
generated_semaprax,45,5344625,2,2,2,5261,5257,405,2033629,2032820
handwritten_adapter,46,500000,2,2,0,85,85,7,44913,44913
generated_semaprax,46,6184542,2,2,2,5261,5257,405,2033629,2032820
direct_rust,46,858292,2,2,0,85,85,7,44913,44913
generated_semaprax,47,7344750,2,2,2,5261,5257,405,2033629,2032820
direct_rust,47,879666,2,2,0,85,85,7,44913,44913
handwritten_adapter,47,413583,2,2,0,85,85,7,44913,44913
direct_rust,48,367958,2,2,0,85,85,7,44913,44913
handwritten_adapter,48,381417,2,2,0,85,85,7,44913,44913
generated_semaprax,48,5990250,2,2,2,5261,5257,405,2033629,2032820
handwritten_adapter,49,648083,2,2,0,85,85,7,44913,44913
generated_semaprax,49,5236458,2,2,2,5261,5257,405,2033629,2032820
direct_rust,49,509875,2,2,0,85,85,7,44913,44913
generated_semaprax,50,5061542,2,2,2,5261,5257,405,2033629,2032820
direct_rust,50,490708,2,2,0,85,85,7,44913,44913
handwritten_adapter,50,364083,2,2,0,85,85,7,44913,44913
direct_rust,51,345500,2,2,0,85,85,7,44913,44913
handwritten_adapter,51,337375,2,2,0,85,85,7,44913,44913
generated_semaprax,51,5577083,2,2,2,5261,5257,405,2033629,2032820
handwritten_adapter,52,579792,2,2,0,85,85,7,44913,44913
generated_semaprax,52,6814750,2,2,2,5261,5257,405,2033629,2032820
direct_rust,52,603500,2,2,0,85,85,7,44913,44913
generated_semaprax,53,5231875,2,2,2,5261,5257,405,2033629,2032820
direct_rust,53,525000,2,2,0,85,85,7,44913,44913
handwritten_adapter,53,356958,2,2,0,85,85,7,44913,44913
direct_rust,54,333375,2,2,0,85,85,7,44913,44913
handwritten_adapter,54,331166,2,2,0,85,85,7,44913,44913
generated_semaprax,54,5493291,2,2,2,5261,5257,405,2033629,2032820
handwritten_adapter,55,548584,2,2,0,85,85,7,44913,44913
generated_semaprax,55,4963500,2,2,2,5261,5257,405,2033629,2032820
direct_rust,55,437792,2,2,0,85,85,7,44913,44913
generated_semaprax,56,5119958,2,2,2,5261,5257,405,2033629,2032820
direct_rust,56,696875,2,2,0,85,85,7,44913,44913
handwritten_adapter,56,393584,2,2,0,85,85,7,44913,44913
direct_rust,57,352833,2,2,0,85,85,7,44913,44913
handwritten_adapter,57,387834,2,2,0,85,85,7,44913,44913
generated_semaprax,57,7118458,2,2,2,5261,5257,405,2033629,2032820
handwritten_adapter,58,690500,2,2,0,85,85,7,44913,44913
generated_semaprax,58,5321625,2,2,2,5261,5257,405,2033629,2032820
direct_rust,58,559500,2,2,0,85,85,7,44913,44913
generated_semaprax,59,5100334,2,2,2,5261,5257,405,2033629,2032820
direct_rust,59,510250,2,2,0,85,85,7,44913,44913
handwritten_adapter,59,358875,2,2,0,85,85,7,44913,44913
direct_rust,60,344167,2,2,0,85,85,7,44913,44913
handwritten_adapter,60,332083,2,2,0,85,85,7,44913,44913
generated_semaprax,60,5006334,2,2,2,5261,5257,405,2033629,2032820
handwritten_adapter,61,447084,2,2,0,85,85,7,44913,44913
generated_semaprax,61,4850333,2,2,2,5261,5257,405,2033629,2032820
direct_rust,61,886334,2,2,0,85,85,7,44913,44913
generated_semaprax,62,6247208,2,2,2,5261,5257,405,2033629,2032820
direct_rust,62,815458,2,2,0,85,85,7,44913,44913
handwritten_adapter,62,418458,2,2,0,85,85,7,44913,44913
direct_rust,63,356625,2,2,0,85,85,7,44913,44913
handwritten_adapter,63,332291,2,2,0,85,85,7,44913,44913
generated_semaprax,63,5513250,2,2,2,5261,5257,405,2033629,2032820
handwritten_adapter,64,452875,2,2,0,85,85,7,44913,44913
generated_semaprax,64,5067083,2,2,2,5261,5257,405,2033629,2032820
direct_rust,64,631833,2,2,0,85,85,7,44913,44913
generated_semaprax,65,5174708,2,2,2,5261,5257,405,2033629,2032820
direct_rust,65,470542,2,2,0,85,85,7,44913,44913
handwritten_adapter,65,346209,2,2,0,85,85,7,44913,44913
direct_rust,66,334833,2,2,0,85,85,7,44913,44913
handwritten_adapter,66,335583,2,2,0,85,85,7,44913,44913
generated_semaprax,66,4921334,2,2,2,5261,5257,405,2033629,2032820
handwritten_adapter,67,550834,2,2,0,85,85,7,44913,44913
generated_semaprax,67,6273375,2,2,2,5261,5257,405,2033629,2032820
direct_rust,67,775250,2,2,0,85,85,7,44913,44913
generated_semaprax,68,5908292,2,2,2,5261,5257,405,2033629,2032820
direct_rust,68,490834,2,2,0,85,85,7,44913,44913
handwritten_adapter,68,357417,2,2,0,85,85,7,44913,44913
direct_rust,69,331667,2,2,0,85,85,7,44913,44913
handwritten_adapter,69,300875,2,2,0,85,85,7,44913,44913
generated_semaprax,69,5695625,2,2,2,5261,5257,405,2033629,2032820
handwritten_adapter,70,589125,2,2,0,85,85,7,44913,44913
generated_semaprax,70,5165959,2,2,2,5261,5257,405,2033629,2032820
direct_rust,70,598250,2,2,0,85,85,7,44913,44913
generated_semaprax,71,4945125,2,2,2,5261,5257,405,2033629,2032820
direct_rust,71,447667,2,2,0,85,85,7,44913,44913
handwritten_adapter,71,349042,2,2,0,85,85,7,44913,44913
direct_rust,72,353375,2,2,0,85,85,7,44913,44913
handwritten_adapter,72,461792,2,2,0,85,85,7,44913,44913
generated_semaprax,72,6394792,2,2,2,5261,5257,405,2033629,2032820
handwritten_adapter,73,853875,2,2,0,85,85,7,44913,44913
generated_semaprax,73,6294917,2,2,2,5261,5257,405,2033629,2032820
direct_rust,73,544083,2,2,0,85,85,7,44913,44913
generated_semaprax,74,5166458,2,2,2,5261,5257,405,2033629,2032820
direct_rust,74,562708,2,2,0,85,85,7,44913,44913
handwritten_adapter,74,425792,2,2,0,85,85,7,44913,44913
direct_rust,75,362958,2,2,0,85,85,7,44913,44913
handwritten_adapter,75,350292,2,2,0,85,85,7,44913,44913
generated_semaprax,75,5125416,2,2,2,5261,5257,405,2033629,2032820
handwritten_adapter,76,509167,2,2,0,85,85,7,44913,44913
generated_semaprax,76,4895250,2,2,2,5261,5257,405,2033629,2032820
direct_rust,76,429583,2,2,0,85,85,7,44913,44913
generated_semaprax,77,5801750,2,2,2,5261,5257,405,2033629,2032820
direct_rust,77,653875,2,2,0,85,85,7,44913,44913
handwritten_adapter,77,427875,2,2,0,85,85,7,44913,44913
direct_rust,78,431375,2,2,0,85,85,7,44913,44913
handwritten_adapter,78,422666,2,2,0,85,85,7,44913,44913
generated_semaprax,78,6051458,2,2,2,5261,5257,405,2033629,2032820
handwritten_adapter,79,507292,2,2,0,85,85,7,44913,44913
generated_semaprax,79,5111333,2,2,2,5261,5257,405,2033629,2032820
direct_rust,79,501083,2,2,0,85,85,7,44913,44913
generated_semaprax,80,5125958,2,2,2,5261,5257,405,2033629,2032820
direct_rust,80,517417,2,2,0,85,85,7,44913,44913
handwritten_adapter,80,364084,2,2,0,85,85,7,44913,44913
direct_rust,81,349958,2,2,0,85,85,7,44913,44913
handwritten_adapter,81,355292,2,2,0,85,85,7,44913,44913
generated_semaprax,81,5269500,2,2,2,5261,5257,405,2033629,2032820
handwritten_adapter,82,438792,2,2,0,85,85,7,44913,44913
generated_semaprax,82,5397625,2,2,2,5261,5257,405,2033629,2032820
direct_rust,82,563083,2,2,0,85,85,7,44913,44913
generated_semaprax,83,6493250,2,2,2,5261,5257,405,2033629,2032820
direct_rust,83,718541,2,2,0,85,85,7,44913,44913
handwritten_adapter,83,407250,2,2,0,85,85,7,44913,44913
direct_rust,84,360709,2,2,0,85,85,7,44913,44913
handwritten_adapter,84,344166,2,2,0,85,85,7,44913,44913
generated_semaprax,84,5350333,2,2,2,5261,5257,405,2033629,2032820
handwritten_adapter,85,526667,2,2,0,85,85,7,44913,44913
generated_semaprax,85,5136000,2,2,2,5261,5257,405,2033629,2032820
direct_rust,85,471334,2,2,0,85,85,7,44913,44913
generated_semaprax,86,5045834,2,2,2,5261,5257,405,2033629,2032820
direct_rust,86,463666,2,2,0,85,85,7,44913,44913
handwritten_adapter,86,348000,2,2,0,85,85,7,44913,44913
direct_rust,87,335042,2,2,0,85,85,7,44913,44913
handwritten_adapter,87,329875,2,2,0,85,85,7,44913,44913
generated_semaprax,87,5159583,2,2,2,5261,5257,405,2033629,2032820
handwritten_adapter,88,565833,2,2,0,85,85,7,44913,44913
generated_semaprax,88,5910541,2,2,2,5261,5257,405,2033629,2032820
direct_rust,88,761375,2,2,0,85,85,7,44913,44913
generated_semaprax,89,5178750,2,2,2,5261,5257,405,2033629,2032820
direct_rust,89,461292,2,2,0,85,85,7,44913,44913
handwritten_adapter,89,382334,2,2,0,85,85,7,44913,44913
