route,iteration,operations,elapsed_ns,body_bytes,allocation_calls,deallocation_calls,reallocation_calls,allocated_bytes,deallocated_bytes
direct_rust,0,64,22748917,2,5440,5440,448,2874432,2874432
handwritten_adapter,0,64,23050292,2,5440,5440,448,2874432,2874432
generated_semaprax,0,64,391853083,2,336704,336448,25920,130152256,130100480
handwritten_adapter,1,64,25265458,2,5440,5440,448,2874432,2874432
generated_semaprax,1,64,409398833,2,336704,336448,25920,130152256,130100480
direct_rust,1,64,31382959,2,5440,5440,448,2874432,2874432
generated_semaprax,2,64,730017209,2,336704,336448,25920,130152256,130100480
direct_rust,2,64,26355917,2,5440,5440,448,2874432,2874432
handwritten_adapter,2,64,21789416,2,5440,5440,448,2874432,2874432
direct_rust,3,64,21172959,2,5440,5440,448,2874432,2874432
handwritten_adapter,3,64,23289792,2,5440,5440,448,2874432,2874432
generated_semaprax,3,64,432453917,2,336704,336448,25920,130152256,130100480
handwritten_adapter,4,64,28217792,2,5440,5440,448,2874432,2874432
generated_semaprax,4,64,542402917,2,336704,336448,25920,130152256,130100480
direct_rust,4,64,24151833,2,5440,5440,448,2874432,2874432
generated_semaprax,5,64,340956958,2,336704,336448,25920,130152256,130100480
direct_rust,5,64,21540333,2,5440,5440,448,2874432,2874432
handwritten_adapter,5,64,22853625,2,5440,5440,448,2874432,2874432
direct_rust,6,64,22755084,2,5440,5440,448,2874432,2874432
handwritten_adapter,6,64,23663500,2,5440,5440,448,2874432,2874432
generated_semaprax,6,64,450334750,2,336704,336448,25920,130152256,130100480
handwritten_adapter,7,64,27700042,2,5440,5440,448,2874432,2874432
generated_semaprax,7,64,387884167,2,336704,336448,25920,130152256,130100480
direct_rust,7,64,25363417,2,5440,5440,448,2874432,2874432
generated_semaprax,8,64,365276042,2,336704,336448,25920,130152256,130100480
direct_rust,8,64,23558334,2,5440,5440,448,2874432,2874432
handwritten_adapter,8,64,21380292,2,5440,5440,448,2874432,2874432
direct_rust,9,64,21724583,2,5440,5440,448,2874432,2874432
handwritten_adapter,9,64,21485708,2,5440,5440,448,2874432,2874432
generated_semaprax,9,64,345882500,2,336704,336448,25920,130152256,130100480
handwritten_adapter,10,64,22127750,2,5440,5440,448,2874432,2874432
generated_semaprax,10,64,339027084,2,336704,336448,25920,130152256,130100480
direct_rust,10,64,21534917,2,5440,5440,448,2874432,2874432
generated_semaprax,11,64,342795292,2,336704,336448,25920,130152256,130100480
direct_rust,11,64,22522667,2,5440,5440,448,2874432,2874432
handwritten_adapter,11,64,20994417,2,5440,5440,448,2874432,2874432
direct_rust,12,64,21872125,2,5440,5440,448,2874432,2874432
handwritten_adapter,12,64,20837792,2,5440,5440,448,2874432,2874432
generated_semaprax,12,64,366568042,2,336704,336448,25920,130152256,130100480
handwritten_adapter,13,64,23354166,2,5440,5440,448,2874432,2874432
generated_semaprax,13,64,378881375,2,336704,336448,25920,130152256,130100480
direct_rust,13,64,23748083,2,5440,5440,448,2874432,2874432
generated_semaprax,14,64,352544375,2,336704,336448,25920,130152256,130100480
direct_rust,14,64,21754958,2,5440,5440,448,2874432,2874432
handwritten_adapter,14,64,21453500,2,5440,5440,448,2874432,2874432
