warning: field `local` is never read
  --> src/bin/../generated.rs:18:5
   |
15 | pub struct RegisteredAsyncImport<H> {
   |            --------------------- field in this struct
...
18 |     local: Rc<()>,
   |     ^^^^^
   |
   = note: `#[warn(dead_code)]` (part of `#[warn(unused)]`) on by default

warning: field `0` is never read
  --> src/bin/../generated.rs:24:12
   |
24 |     Source(SourceLocalFutureFailure),
   |     ------ ^^^^^^^^^^^^^^^^^^^^^^^^
   |     |
   |     field in this variant
   |
   = note: `AsyncCallError` has a derived impl for the trait `Debug`, but this is intentionally ignored during dead code analysis
help: consider changing the field to be of unit type to suppress this warning while preserving the field numbering, or remove the field
   |
24 -     Source(SourceLocalFutureFailure),
24 +     Source(()),
   |

warning: method `call` is never used
  --> src/bin/../generated.rs:48:12
   |
45 | impl<H> RegisteredAsyncImport<H> {
   | -------------------------------- method in this implementation
...
48 |     pub fn call<F, E>(
   |            ^^^^

