task,route,iteration,operations,elapsed_ns,allocation_calls,allocated_bytes,borrowed_input_bytes,adapter_copy_events,adapter_copied_bytes,owner_live_count,view_live_count,string_live_count
regex_scan,handwritten_adapter,0,4096,47405875,270336,27537408,114688,0,0,0,0,0
regex_scan,generated_semaprax,0,4096,53175542,270337,27537568,114688,0,0,0,0,0
regex_scan,direct_rust,0,4096,47316292,270336,27537408,114688,0,0,0,0,0
regex_scan,generated_semaprax,1,4096,53271041,270337,27537568,114688,0,0,0,0,0
regex_scan,direct_rust,1,4096,47283042,270336,27537408,114688,0,0,0,0,0
regex_scan,handwritten_adapter,1,4096,47361166,270336,27537408,114688,0,0,0,0,0
regex_scan,direct_rust,2,4096,48225459,270336,27537408,114688,0,0,0,0,0
regex_scan,handwritten_adapter,2,4096,47723334,270336,27537408,114688,0,0,0,0,0
regex_scan,generated_semaprax,2,4096,52876584,270337,27537568,114688,0,0,0,0,0
regex_scan,handwritten_adapter,3,4096,48054625,270336,27537408,114688,0,0,0,0,0
regex_scan,generated_semaprax,3,4096,52956041,270337,27537568,114688,0,0,0,0,0
regex_scan,direct_rust,3,4096,46881542,270336,27537408,114688,0,0,0,0,0
regex_scan,generated_semaprax,4,4096,52753250,270337,27537568,114688,0,0,0,0,0
regex_scan,direct_rust,4,4096,46675042,270336,27537408,114688,0,0,0,0,0
regex_scan,handwritten_adapter,4,4096,47715542,270336,27537408,114688,0,0,0,0,0
url_parse_view,handwritten_adapter,0,4096,8673958,4096,114688,114688,0,0,0,0,0
url_parse_view,generated_semaprax,0,4096,13698667,4097,115264,114688,0,0,0,0,0
url_parse_view,direct_rust,0,4096,8794250,4096,114688,114688,0,0,0,0,0
url_parse_view,generated_semaprax,1,4096,13718833,4097,115264,114688,0,0,0,0,0
url_parse_view,direct_rust,1,4096,8843834,4096,114688,114688,0,0,0,0,0
url_parse_view,handwritten_adapter,1,4096,8850500,4096,114688,114688,0,0,0,0,0
url_parse_view,direct_rust,2,4096,8670750,4096,114688,114688,0,0,0,0,0
url_parse_view,handwritten_adapter,2,4096,8706375,4096,114688,114688,0,0,0,0,0
url_parse_view,generated_semaprax,2,4096,13681541,4097,115264,114688,0,0,0,0,0
url_parse_view,handwritten_adapter,3,4096,8691625,4096,114688,114688,0,0,0,0,0
url_parse_view,generated_semaprax,3,4096,13634916,4097,115264,114688,0,0,0,0,0
url_parse_view,direct_rust,3,4096,8660875,4096,114688,114688,0,0,0,0,0
url_parse_view,generated_semaprax,4,4096,13672125,4097,115264,114688,0,0,0,0,0
url_parse_view,direct_rust,4,4096,8738666,4096,114688,114688,0,0,0,0,0
url_parse_view,handwritten_adapter,4,4096,8773667,4096,114688,114688,0,0,0,0,0
