task,route,iteration,operations,elapsed_ns,allocation_calls,allocated_bytes,adapter_buffer_copied_bytes
generic_record,handwritten_adapter,0,32,303541,128,8384,0
generic_record,generated_semaprax,0,32,257458,192,8576,0
generic_record,direct_rust,0,32,226958,128,8384,0
generic_record,generated_semaprax,1,32,245708,192,8576,0
generic_record,direct_rust,1,32,228542,128,8384,0
generic_record,handwritten_adapter,1,32,230500,128,8384,0
generic_record,direct_rust,2,32,229958,128,8384,0
generic_record,handwritten_adapter,2,32,235000,128,8384,0
generic_record,generated_semaprax,2,32,245333,192,8576,0
generic_record,handwritten_adapter,3,32,234000,128,8384,0
generic_record,generated_semaprax,3,32,245125,192,8576,0
generic_record,direct_rust,3,32,234417,128,8384,0
generic_record,generated_semaprax,4,32,248000,192,8576,0
generic_record,direct_rust,4,32,234125,128,8384,0
generic_record,handwritten_adapter,4,32,239834,128,8384,0
stateful_callback,handwritten_adapter,0,32,10125,32,512,0
stateful_callback,generated_semaprax,0,32,60583,128,5888,0
stateful_callback,direct_rust,0,32,4292,0,0,0
stateful_callback,generated_semaprax,1,32,60958,128,5888,0
stateful_callback,direct_rust,1,32,3708,0,0,0
stateful_callback,handwritten_adapter,1,32,9958,32,512,0
stateful_callback,direct_rust,2,32,3709,0,0,0
stateful_callback,handwritten_adapter,2,32,9833,32,512,0
stateful_callback,generated_semaprax,2,32,57333,128,5888,0
stateful_callback,handwritten_adapter,3,32,9792,32,512,0
stateful_callback,generated_semaprax,3,32,57667,128,5888,0
stateful_callback,direct_rust,3,32,3750,0,0,0
stateful_callback,generated_semaprax,4,32,57542,128,5888,0
stateful_callback,direct_rust,4,32,3833,0,0,0
stateful_callback,handwritten_adapter,4,32,10000,32,512,0
