route,iteration,elapsed_ns,body_bytes,foreign_response_body_copied_bytes,host_callback_captured_bytes,allocation_calls,deallocation_calls,reallocation_calls,allocated_bytes,deallocated_bytes
direct_rust,0,287375,2,2,0,88,88,7,45105,45105
handwritten_adapter,0,253333,2,2,0,88,88,7,45105,45105
generated_semaprax,0,2894916,2,2,2,5264,5260,405,2033821,2033012
handwritten_adapter,1,477000,2,2,0,88,88,7,45105,45105
generated_semaprax,1,2977667,2,2,2,5264,5260,405,2033821,2033012
direct_rust,1,467209,2,2,0,88,88,7,45105,45105
generated_semaprax,2,2733208,2,2,2,5264,5260,405,2033821,2033012
direct_rust,2,398916,2,2,0,88,88,7,45105,45105
handwritten_adapter,2,397917,2,2,0,88,88,7,45105,45105
direct_rust,3,295708,2,2,0,88,88,7,45105,45105
handwritten_adapter,3,291708,2,2,0,88,88,7,45105,45105
generated_semaprax,3,3336209,2,2,2,5264,5260,405,2033821,2033012
handwritten_adapter,4,465041,2,2,0,88,88,7,45105,45105
generated_semaprax,4,3202875,2,2,2,5264,5260,405,2033821,2033012
direct_rust,4,510875,2,2,0,88,88,7,45105,45105
generated_semaprax,5,3046458,2,2,2,5264,5260,405,2033821,2033012
direct_rust,5,407000,2,2,0,88,88,7,45105,45105
handwritten_adapter,5,316583,2,2,0,88,88,7,45105,45105
direct_rust,6,292875,2,2,0,88,88,7,45105,45105
handwritten_adapter,6,262000,2,2,0,88,88,7,45105,45105
generated_semaprax,6,4146791,2,2,2,5264,5260,405,2033821,2033012
handwritten_adapter,7,758292,2,2,0,88,88,7,45105,45105
generated_semaprax,7,4031709,2,2,2,5264,5260,405,2033821,2033012
direct_rust,7,511916,2,2,0,88,88,7,45105,45105
generated_semaprax,8,5331125,2,2,2,5264,5260,405,2033821,2033012
direct_rust,8,432833,2,2,0,88,88,7,45105,45105
handwritten_adapter,8,268958,2,2,0,88,88,7,45105,45105
direct_rust,9,370375,2,2,0,88,88,7,45105,45105
handwritten_adapter,9,345791,2,2,0,88,88,7,45105,45105
generated_semaprax,9,3591000,2,2,2,5264,5260,405,2033821,2033012
handwritten_adapter,10,440250,2,2,0,88,88,7,45105,45105
generated_semaprax,10,3635792,2,2,2,5264,5260,405,2033821,2033012
direct_rust,10,437625,2,2,0,88,88,7,45105,45105
generated_semaprax,11,3214667,2,2,2,5264,5260,405,2033821,2033012
direct_rust,11,823250,2,2,0,88,88,7,45105,45105
handwritten_adapter,11,580125,2,2,0,88,88,7,45105,45105
direct_rust,12,307292,2,2,0,88,88,7,45105,45105
handwritten_adapter,12,332375,2,2,0,88,88,7,45105,45105
generated_semaprax,12,3294209,2,2,2,5264,5260,405,2033821,2033012
handwritten_adapter,13,440583,2,2,0,88,88,7,45105,45105
generated_semaprax,13,3112333,2,2,2,5264,5260,405,2033821,2033012
direct_rust,13,356000,2,2,0,88,88,7,45105,45105
generated_semaprax,14,2523500,2,2,2,5264,5260,405,2033821,2033012
direct_rust,14,318083,2,2,0,88,88,7,45105,45105
handwritten_adapter,14,248667,2,2,0,88,88,7,45105,45105
direct_rust,15,254042,2,2,0,88,88,7,45105,45105
handwritten_adapter,15,237959,2,2,0,88,88,7,45105,45105
generated_semaprax,15,2540542,2,2,2,5264,5260,405,2033821,2033012
handwritten_adapter,16,342167,2,2,0,88,88,7,45105,45105
generated_semaprax,16,2570958,2,2,2,5264,5260,405,2033821,2033012
direct_rust,16,348583,2,2,0,88,88,7,45105,45105
generated_semaprax,17,2408625,2,2,2,5264,5260,405,2033821,2033012
direct_rust,17,392625,2,2,0,88,88,7,45105,45105
handwritten_adapter,17,264625,2,2,0,88,88,7,45105,45105
direct_rust,18,269292,2,2,0,88,88,7,45105,45105
handwritten_adapter,18,252666,2,2,0,88,88,7,45105,45105
generated_semaprax,18,2777584,2,2,2,5264,5260,405,2033821,2033012
handwritten_adapter,19,370083,2,2,0,88,88,7,45105,45105
generated_semaprax,19,2554084,2,2,2,5264,5260,405,2033821,2033012
direct_rust,19,328916,2,2,0,88,88,7,45105,45105
generated_semaprax,20,2387083,2,2,2,5264,5260,405,2033821,2033012
direct_rust,20,349292,2,2,0,88,88,7,45105,45105
handwritten_adapter,20,299625,2,2,0,88,88,7,45105,45105
direct_rust,21,235750,2,2,0,88,88,7,45105,45105
handwritten_adapter,21,255250,2,2,0,88,88,7,45105,45105
generated_semaprax,21,2648042,2,2,2,5264,5260,405,2033821,2033012
handwritten_adapter,22,401041,2,2,0,88,88,7,45105,45105
generated_semaprax,22,2407167,2,2,2,5264,5260,405,2033821,2033012
direct_rust,22,280084,2,2,0,88,88,7,45105,45105
generated_semaprax,23,2450333,2,2,2,5264,5260,405,2033821,2033012
direct_rust,23,334417,2,2,0,88,88,7,45105,45105
handwritten_adapter,23,256125,2,2,0,88,88,7,45105,45105
direct_rust,24,254792,2,2,0,88,88,7,45105,45105
handwritten_adapter,24,254000,2,2,0,88,88,7,45105,45105
generated_semaprax,24,3823083,2,2,2,5264,5260,405,2033821,2033012
handwritten_adapter,25,508166,2,2,0,88,88,7,45105,45105
generated_semaprax,25,2731958,2,2,2,5264,5260,405,2033821,2033012
direct_rust,25,433459,2,2,0,88,88,7,45105,45105
generated_semaprax,26,3361625,2,2,2,5264,5260,405,2033821,2033012
direct_rust,26,382583,2,2,0,88,88,7,45105,45105
handwritten_adapter,26,297208,2,2,0,88,88,7,45105,45105
direct_rust,27,280375,2,2,0,88,88,7,45105,45105
handwritten_adapter,27,338292,2,2,0,88,88,7,45105,45105
generated_semaprax,27,3028625,2,2,2,5264,5260,405,2033821,2033012
handwritten_adapter,28,417583,2,2,0,88,88,7,45105,45105
generated_semaprax,28,3152500,2,2,2,5264,5260,405,2033821,2033012
direct_rust,28,398375,2,2,0,88,88,7,45105,45105
generated_semaprax,29,2936375,2,2,2,5264,5260,405,2033821,2033012
direct_rust,29,454125,2,2,0,88,88,7,45105,45105
handwritten_adapter,29,370333,2,2,0,88,88,7,45105,45105
direct_rust,30,459708,2,2,0,88,88,7,45105,45105
handwritten_adapter,30,411583,2,2,0,88,88,7,45105,45105
generated_semaprax,30,3957750,2,2,2,5264,5260,405,2033821,2033012
handwritten_adapter,31,375541,2,2,0,88,88,7,45105,45105
generated_semaprax,31,2950459,2,2,2,5264,5260,405,2033821,2033012
direct_rust,31,423417,2,2,0,88,88,7,45105,45105
generated_semaprax,32,2657125,2,2,2,5264,5260,405,2033821,2033012
direct_rust,32,321333,2,2,0,88,88,7,45105,45105
handwritten_adapter,32,271458,2,2,0,88,88,7,45105,45105
direct_rust,33,250125,2,2,0,88,88,7,45105,45105
handwritten_adapter,33,234959,2,2,0,88,88,7,45105,45105
generated_semaprax,33,2378125,2,2,2,5264,5260,405,2033821,2033012
handwritten_adapter,34,276709,2,2,0,88,88,7,45105,45105
generated_semaprax,34,2259750,2,2,2,5264,5260,405,2033821,2033012
direct_rust,34,281000,2,2,0,88,88,7,45105,45105
generated_semaprax,35,2304292,2,2,2,5264,5260,405,2033821,2033012
direct_rust,35,311041,2,2,0,88,88,7,45105,45105
handwritten_adapter,35,234583,2,2,0,88,88,7,45105,45105
direct_rust,36,232875,2,2,0,88,88,7,45105,45105
handwritten_adapter,36,234083,2,2,0,88,88,7,45105,45105
generated_semaprax,36,2308917,2,2,2,5264,5260,405,2033821,2033012
handwritten_adapter,37,308041,2,2,0,88,88,7,45105,45105
generated_semaprax,37,2252375,2,2,2,5264,5260,405,2033821,2033012
direct_rust,37,318000,2,2,0,88,88,7,45105,45105
generated_semaprax,38,2838750,2,2,2,5264,5260,405,2033821,2033012
direct_rust,38,415834,2,2,0,88,88,7,45105,45105
handwritten_adapter,38,340792,2,2,0,88,88,7,45105,45105
direct_rust,39,269583,2,2,0,88,88,7,45105,45105
handwritten_adapter,39,257500,2,2,0,88,88,7,45105,45105
generated_semaprax,39,3297000,2,2,2,5264,5260,405,2033821,2033012
handwritten_adapter,40,443833,2,2,0,88,88,7,45105,45105
generated_semaprax,40,2673125,2,2,2,5264,5260,405,2033821,2033012
direct_rust,40,345375,2,2,0,88,88,7,45105,45105
generated_semaprax,41,2470708,2,2,2,5264,5260,405,2033821,2033012
direct_rust,41,407500,2,2,0,88,88,7,45105,45105
handwritten_adapter,41,280875,2,2,0,88,88,7,45105,45105
direct_rust,42,282750,2,2,0,88,88,7,45105,45105
handwritten_adapter,42,261625,2,2,0,88,88,7,45105,45105
generated_semaprax,42,2966042,2,2,2,5264,5260,405,2033821,2033012
handwritten_adapter,43,327959,2,2,0,88,88,7,45105,45105
generated_semaprax,43,2433167,2,2,2,5264,5260,405,2033821,2033012
direct_rust,43,332083,2,2,0,88,88,7,45105,45105
generated_semaprax,44,2312125,2,2,2,5264,5260,405,2033821,2033012
direct_rust,44,290333,2,2,0,88,88,7,45105,45105
handwritten_adapter,44,224667,2,2,0,88,88,7,45105,45105
direct_rust,45,236041,2,2,0,88,88,7,45105,45105
handwritten_adapter,45,207334,2,2,0,88,88,7,45105,45105
generated_semaprax,45,2304708,2,2,2,5264,5260,405,2033821,2033012
handwritten_adapter,46,303958,2,2,0,88,88,7,45105,45105
generated_semaprax,46,2259917,2,2,2,5264,5260,405,2033821,2033012
direct_rust,46,291208,2,2,0,88,88,7,45105,45105
generated_semaprax,47,2276542,2,2,2,5264,5260,405,2033821,2033012
direct_rust,47,265167,2,2,0,88,88,7,45105,45105
handwritten_adapter,47,289167,2,2,0,88,88,7,45105,45105
direct_rust,48,283958,2,2,0,88,88,7,45105,45105
handwritten_adapter,48,323833,2,2,0,88,88,7,45105,45105
generated_semaprax,48,2385834,2,2,2,5264,5260,405,2033821,2033012
handwritten_adapter,49,274208,2,2,0,88,88,7,45105,45105
generated_semaprax,49,2820916,2,2,2,5264,5260,405,2033821,2033012
direct_rust,49,339458,2,2,0,88,88,7,45105,45105
generated_semaprax,50,2214209,2,2,2,5264,5260,405,2033821,2033012
direct_rust,50,269541,2,2,0,88,88,7,45105,45105
handwritten_adapter,50,220250,2,2,0,88,88,7,45105,45105
direct_rust,51,223292,2,2,0,88,88,7,45105,45105
handwritten_adapter,51,208416,2,2,0,88,88,7,45105,45105
generated_semaprax,51,3397875,2,2,2,5268,5274,405,2042085,2051283
handwritten_adapter,52,375792,2,2,0,86,76,7,45073,35066
generated_semaprax,52,2746625,2,2,2,5264,5260,405,2033821,2033012
direct_rust,52,352875,2,2,0,88,88,7,45105,45105
generated_semaprax,53,2403250,2,2,2,5264,5260,405,2033821,2033012
direct_rust,53,289375,2,2,0,88,88,7,45105,45105
handwritten_adapter,53,211292,2,2,0,88,88,7,45105,45105
direct_rust,54,239250,2,2,0,88,88,7,45105,45105
handwritten_adapter,54,211209,2,2,0,88,88,7,45105,45105
generated_semaprax,54,2508250,2,2,2,5264,5260,405,2033821,2033012
handwritten_adapter,55,341500,2,2,0,88,88,7,45105,45105
generated_semaprax,55,2242292,2,2,2,5264,5260,405,2033821,2033012
direct_rust,55,316625,2,2,0,88,88,7,45105,45105
generated_semaprax,56,2554041,2,2,2,5264,5260,405,2033821,2033012
direct_rust,56,383083,2,2,0,88,88,7,45105,45105
handwritten_adapter,56,307042,2,2,0,88,88,7,45105,45105
direct_rust,57,308083,2,2,0,88,88,7,45105,45105
handwritten_adapter,57,280958,2,2,0,88,88,7,45105,45105
generated_semaprax,57,2561042,2,2,2,5264,5260,405,2033821,2033012
handwritten_adapter,58,364750,2,2,0,88,88,7,45105,45105
generated_semaprax,58,2493875,2,2,2,5264,5260,405,2033821,2033012
direct_rust,58,315750,2,2,0,88,88,7,45105,45105
generated_semaprax,59,2409750,2,2,2,5264,5260,405,2033821,2033012
direct_rust,59,320250,2,2,0,88,88,7,45105,45105
handwritten_adapter,59,242416,2,2,0,88,88,7,45105,45105
direct_rust,60,271166,2,2,0,88,88,7,45105,45105
handwritten_adapter,60,246083,2,2,0,88,88,7,45105,45105
generated_semaprax,60,2561791,2,2,2,5264,5260,405,2033821,2033012
handwritten_adapter,61,310125,2,2,0,88,88,7,45105,45105
generated_semaprax,61,2310875,2,2,2,5264,5260,405,2033821,2033012
direct_rust,61,340750,2,2,0,88,88,7,45105,45105
generated_semaprax,62,2950958,2,2,2,5264,5260,405,2033821,2033012
direct_rust,62,244416,2,2,0,88,88,7,45105,45105
handwritten_adapter,62,227625,2,2,0,88,88,7,45105,45105
direct_rust,63,245291,2,2,0,88,88,7,45105,45105
handwritten_adapter,63,226125,2,2,0,88,88,7,45105,45105
generated_semaprax,63,2536417,2,2,2,5264,5260,405,2033821,2033012
handwritten_adapter,64,302584,2,2,0,88,88,7,45105,45105
generated_semaprax,64,2353417,2,2,2,5264,5260,405,2033821,2033012
direct_rust,64,311333,2,2,0,88,88,7,45105,45105
generated_semaprax,65,2523625,2,2,2,5264,5260,405,2033821,2033012
direct_rust,65,272125,2,2,0,88,88,7,45105,45105
handwritten_adapter,65,255875,2,2,0,88,88,7,45105,45105
direct_rust,66,211333,2,2,0,88,88,7,45105,45105
handwritten_adapter,66,366583,2,2,0,88,88,7,45105,45105
generated_semaprax,66,2288125,2,2,2,5264,5260,405,2033821,2033012
handwritten_adapter,67,335041,2,2,0,88,88,7,45105,45105
generated_semaprax,67,2698750,2,2,2,5264,5260,405,2033821,2033012
direct_rust,67,321000,2,2,0,88,88,7,45105,45105
generated_semaprax,68,2452083,2,2,2,5264,5260,405,2033821,2033012
direct_rust,68,382375,2,2,0,88,88,7,45105,45105
handwritten_adapter,68,342334,2,2,0,88,88,7,45105,45105
direct_rust,69,345666,2,2,0,88,88,7,45105,45105
handwritten_adapter,69,330208,2,2,0,88,88,7,45105,45105
generated_semaprax,69,2600709,2,2,2,5264,5260,405,2033821,2033012
handwritten_adapter,70,267875,2,2,0,88,88,7,45105,45105
generated_semaprax,70,2681083,2,2,2,5264,5260,405,2033821,2033012
direct_rust,70,281042,2,2,0,88,88,7,45105,45105
generated_semaprax,71,2758959,2,2,2,5264,5260,405,2033821,2033012
direct_rust,71,330959,2,2,0,88,88,7,45105,45105
handwritten_adapter,71,246625,2,2,0,88,88,7,45105,45105
direct_rust,72,385375,2,2,0,88,88,7,45105,45105
handwritten_adapter,72,227084,2,2,0,88,88,7,45105,45105
generated_semaprax,72,3149584,2,2,2,5264,5260,405,2033821,2033012
handwritten_adapter,73,362417,2,2,0,88,88,7,45105,45105
generated_semaprax,73,2564333,2,2,2,5264,5260,405,2033821,2033012
direct_rust,73,327959,2,2,0,88,88,7,45105,45105
generated_semaprax,74,2568666,2,2,2,5264,5260,405,2033821,2033012
direct_rust,74,292916,2,2,0,88,88,7,45105,45105
handwritten_adapter,74,264458,2,2,0,88,88,7,45105,45105
direct_rust,75,286334,2,2,0,88,88,7,45105,45105
handwritten_adapter,75,212959,2,2,0,88,88,7,45105,45105
generated_semaprax,75,2614125,2,2,2,5264,5260,405,2033821,2033012
handwritten_adapter,76,284125,2,2,0,88,88,7,45105,45105
generated_semaprax,76,2226167,2,2,2,5264,5260,405,2033821,2033012
direct_rust,76,270792,2,2,0,88,88,7,45105,45105
generated_semaprax,77,2292375,2,2,2,5264,5260,405,2033821,2033012
direct_rust,77,285791,2,2,0,88,88,7,45105,45105
handwritten_adapter,77,244875,2,2,0,88,88,7,45105,45105
direct_rust,78,231958,2,2,0,88,88,7,45105,45105
handwritten_adapter,78,222083,2,2,0,88,88,7,45105,45105
generated_semaprax,78,2832500,2,2,2,5264,5260,405,2033821,2033012
handwritten_adapter,79,414583,2,2,0,88,88,7,45105,45105
generated_semaprax,79,2374084,2,2,2,5264,5260,405,2033821,2033012
direct_rust,79,298042,2,2,0,88,88,7,45105,45105
generated_semaprax,80,2302500,2,2,2,5264,5260,405,2033821,2033012
direct_rust,80,350417,2,2,0,88,88,7,45105,45105
handwritten_adapter,80,278583,2,2,0,88,88,7,45105,45105
direct_rust,81,278041,2,2,0,88,88,7,45105,45105
handwritten_adapter,81,256000,2,2,0,88,88,7,45105,45105
generated_semaprax,81,2530708,2,2,2,5264,5260,405,2033821,2033012
handwritten_adapter,82,271250,2,2,0,88,88,7,45105,45105
generated_semaprax,82,2427375,2,2,2,5264,5260,405,2033821,2033012
direct_rust,82,341500,2,2,0,88,88,7,45105,45105
generated_semaprax,83,3581916,2,2,2,5264,5260,405,2033821,2033012
direct_rust,83,468833,2,2,0,88,88,7,45105,45105
handwritten_adapter,83,390917,2,2,0,88,88,7,45105,45105
direct_rust,84,360458,2,2,0,88,88,7,45105,45105
handwritten_adapter,84,333708,2,2,0,88,88,7,45105,45105
generated_semaprax,84,2980417,2,2,2,5264,5260,405,2033821,2033012
handwritten_adapter,85,429583,2,2,0,88,88,7,45105,45105
generated_semaprax,85,3183458,2,2,2,5264,5260,405,2033821,2033012
direct_rust,85,365000,2,2,0,88,88,7,45105,45105
generated_semaprax,86,2935875,2,2,2,5264,5260,405,2033821,2033012
direct_rust,86,429041,2,2,0,88,88,7,45105,45105
handwritten_adapter,86,294208,2,2,0,88,88,7,45105,45105
direct_rust,87,282083,2,2,0,88,88,7,45105,45105
handwritten_adapter,87,248916,2,2,0,88,88,7,45105,45105
generated_semaprax,87,2546709,2,2,2,5264,5260,405,2033821,2033012
handwritten_adapter,88,326917,2,2,0,88,88,7,45105,45105
generated_semaprax,88,2313000,2,2,2,5264,5260,405,2033821,2033012
direct_rust,88,269209,2,2,0,88,88,7,45105,45105
generated_semaprax,89,2366458,2,2,2,5264,5260,405,2033821,2033012
direct_rust,89,302625,2,2,0,88,88,7,45105,45105
handwritten_adapter,89,242875,2,2,0,88,88,7,45105,45105
