route,iteration,operations,elapsed_ns,body_bytes,allocation_calls,deallocation_calls,reallocation_calls,allocated_bytes,deallocated_bytes
direct_rust,0,64,12816416,2,5634,5634,448,2894952,2894952
handwritten_adapter,0,64,12966208,2,5642,5642,448,2927880,2927880
generated_semaprax,0,64,182543750,2,336900,336644,25920,130181008,130129232
handwritten_adapter,1,64,16817083,2,5632,5632,448,2886720,2886720
generated_semaprax,1,64,178148750,2,336898,336642,25920,130172776,130121000
direct_rust,1,64,18636917,2,5634,5634,448,2894952,2894952
generated_semaprax,2,64,217839417,2,336896,336640,25920,130164544,130112768
direct_rust,2,64,16491916,2,5632,5632,448,2886720,2886720
handwritten_adapter,2,64,15770292,2,5632,5632,448,2886720,2886720
direct_rust,3,64,13283917,2,5644,5644,448,2936112,2936112
handwritten_adapter,3,64,13768125,2,5650,5650,448,2960808,2960808
generated_semaprax,3,64,152730834,2,336896,336640,25920,130164544,130112768
handwritten_adapter,4,64,15061375,2,5632,5632,448,2886720,2886720
generated_semaprax,4,64,201780750,2,336898,336642,25920,130172776,130121000
direct_rust,4,64,20351166,2,5632,5632,448,2886720,2886720
generated_semaprax,5,64,186855708,2,336898,336642,25920,130172776,130121000
direct_rust,5,64,18005041,2,5632,5632,448,2886720,2886720
handwritten_adapter,5,64,17618375,2,5632,5632,448,2886720,2886720
direct_rust,6,64,13777375,2,5632,5632,448,2886720,2886720
handwritten_adapter,6,64,13640083,2,5638,5638,448,2911416,2911416
generated_semaprax,6,64,183370708,2,336898,336642,25920,130172776,130121000
handwritten_adapter,7,64,17068166,2,5632,5632,448,2886720,2886720
generated_semaprax,7,64,182829125,2,336896,336640,25920,130164544,130112768
direct_rust,7,64,17374541,2,5632,5632,448,2886720,2886720
generated_semaprax,8,64,250241500,2,336900,336644,25920,130181008,130129232
direct_rust,8,64,35854208,2,5638,5638,448,2911416,2911416
handwritten_adapter,8,64,19864708,2,5632,5632,448,2886720,2886720
direct_rust,9,64,17653375,2,5634,5634,448,2894952,2894952
handwritten_adapter,9,64,20457291,2,5636,5636,448,2903184,2903184
generated_semaprax,9,64,247742208,2,336898,336642,25920,130172776,130121000
handwritten_adapter,10,64,17812708,2,5632,5632,448,2886720,2886720
generated_semaprax,10,64,221334333,2,336898,336642,25920,130172776,130121000
direct_rust,10,64,18802250,2,5632,5632,448,2886720,2886720
generated_semaprax,11,64,210902750,2,336896,336640,25920,130164544,130112768
direct_rust,11,64,19071833,2,5632,5632,448,2886720,2886720
handwritten_adapter,11,64,16379333,2,5632,5632,448,2886720,2886720
direct_rust,12,64,15052125,2,5644,5644,448,2936112,2936112
handwritten_adapter,12,64,15066125,2,5654,5654,448,2977272,2977272
generated_semaprax,12,64,186180167,2,336898,336642,25920,130172776,130121000
handwritten_adapter,13,64,18776667,2,5632,5632,448,2886720,2886720
generated_semaprax,13,64,200008250,2,336896,336640,25920,130164544,130112768
direct_rust,13,64,17681834,2,5632,5632,448,2886720,2886720
generated_semaprax,14,64,186854792,2,336898,336642,25920,130172776,130121000
direct_rust,14,64,18261458,2,5632,5632,448,2886720,2886720
handwritten_adapter,14,64,17129750,2,5634,5634,448,2894952,2894952
