   Compiling libc v0.2.189
   Compiling proc-macro2 v1.0.107
   Compiling quote v1.0.47
   Compiling unicode-ident v1.0.24
   Compiling stable_deref_trait v1.2.1
   Compiling bytes v1.12.1
   Compiling pin-project-lite v0.2.17
   Compiling futures-core v0.3.34
   Compiling shlex v2.0.1
   Compiling find-msvc-tools v0.1.10
   Compiling cc v1.4.2
   Compiling futures-sink v0.3.34
   Compiling itoa v1.0.18
   Compiling cfg-if v1.0.4
   Compiling once_cell v1.21.4
   Compiling litemap v0.8.3
   Compiling writeable v0.6.4
   Compiling smallvec v1.16.0
   Compiling http v1.5.0
   Compiling icu_normalizer_data v2.3.0
   Compiling zeroize v1.9.0
   Compiling slab v0.4.12
   Compiling utf8_iter v1.0.4
   Compiling ring v0.17.14
   Compiling icu_properties_data v2.3.0
   Compiling syn v2.0.119
   Compiling syn v3.0.3
   Compiling socket2 v0.6.5
   Compiling mio v1.2.3
   Compiling tokio v1.53.1
   Compiling getrandom v0.2.17
   Compiling rustls-pki-types v1.15.1
   Compiling synstructure v0.13.2
   Compiling zerovec-derive v0.11.6
   Compiling zerofrom-derive v0.1.7
   Compiling yoke-derive v0.8.2
   Compiling displaydoc v0.2.7
   Compiling zerofrom v0.1.8
   Compiling untrusted v0.9.0
   Compiling memchr v2.8.3
   Compiling http-body v1.1.0
   Compiling tracing-core v0.1.36
   Compiling yoke v0.8.3
   Compiling rustls v0.23.43
   Compiling equivalent v1.0.2
   Compiling percent-encoding v2.3.2
   Compiling bitflags v2.13.1
   Compiling futures-io v0.3.34
   Compiling futures-task v0.3.34
   Compiling typenum v1.20.1
   Compiling zerovec v0.11.8
   Compiling zerotrie v0.2.5
   Compiling httparse v1.10.1
   Compiling hashbrown v0.17.1
   Compiling hybrid-array v0.4.14
   Compiling futures-util v0.3.34
   Compiling indexmap v2.14.2
   Compiling rustls-webpki v0.103.15
   Compiling tinystr v0.8.4
   Compiling potential_utf v0.1.6
   Compiling icu_locale_core v2.3.0
   Compiling icu_collections v2.3.0
   Compiling tracing v0.1.44
   Compiling tokio-util v0.7.19
   Compiling icu_provider v2.3.1
   Compiling tower-service v0.3.3
   Compiling try-lock v0.2.5
   Compiling icu_properties v2.3.0
   Compiling icu_normalizer v2.3.0
   Compiling atomic-waker v1.1.2
   Compiling core-foundation-sys v0.8.7
   Compiling subtle v2.6.1
   Compiling fnv v1.0.7
   Compiling h2 v0.4.19
   Compiling want v0.3.1
   Compiling futures-channel v0.3.34
   Compiling cmov v0.5.4
   Compiling core-foundation v0.10.1
   Compiling idna_adapter v1.2.2
   Compiling idna v1.1.0
   Compiling ctutils v0.4.2
   Compiling security-framework-sys v2.17.0
   Compiling crypto-common v0.2.2
   Compiling block-buffer v0.12.1
   Compiling form_urlencoded v1.2.2
   Compiling sync_wrapper v1.0.2
   Compiling tower-layer v0.3.3
   Compiling serde_core v1.0.229
   Compiling ipnet v2.12.1
   Compiling const-oid v0.10.2
   Compiling base64 v0.22.1
   Compiling hyper v1.11.1
   Compiling zmij v1.0.23
   Compiling digest v0.11.3
   Compiling tokio-rustls v0.26.5
   Compiling hyper-util v0.1.20
   Compiling tower v0.5.3
   Compiling url v2.5.8
   Compiling security-framework v3.7.0
   Compiling log v0.4.34
   Compiling rustix v1.1.4
   Compiling getrandom v0.4.3
   Compiling serde_json v1.0.151
   Compiling rustls-platform-verifier v0.7.0
   Compiling hyper-rustls v0.27.9
   Compiling tower-http v0.6.11
   Compiling http-body-util v0.1.5
   Compiling cpufeatures v0.3.0
   Compiling errno v0.3.14
   Compiling semaprax v0.3.5 (/private/tmp/spx-fix-vscodehost)
   Compiling semver v1.0.28
   Compiling wasmparser v0.258.0
   Compiling sha2 v0.11.0
   Compiling reqwest v0.13.4
   Compiling hmac v0.13.0
   Compiling webpki-roots v1.0.3
   Compiling fs2 v0.4.3
   Compiling same-file v1.0.6
    Finished `dev` profile [unoptimized + debuginfo] target(s) in 55.76s
