   Compiling aho-corasick v1.1.5
   Compiling regex-syntax v0.8.11
   Compiling regex-automata v0.4.18
   Compiling regex v1.13.1
   Compiling semaprax-ri13-linked v0.1.0 (/repo/examples/ri13-combined-app/linked)
   Compiling ri06-regex-owner v0.1.0 (/repo/examples/ri13-combined-app/linked/generated/regex)
   Compiling ri06-url-owner v0.1.0 (/repo/examples/ri13-combined-app/linked/generated/url)
warning: method `active_depth` is never used
  --> src/../generated/m2/module.rs:55:12
   |
46 | impl SpxCallbackDomain {
   | ---------------------- method in this implementation
...
55 |     pub fn active_depth(&self)->usize {self.0.depth.get()}
   |            ^^^^^^^^^^^^
   |
   = note: `#[warn(dead_code)]` (part of `#[warn(unused)]`) on by default

warning: methods `into_once` and `quarantine` are never used
   --> src/../generated/m2/module.rs:124:12
    |
 73 | impl SpxCallback {
    | ---------------- methods in this implementation
...
124 |     pub fn into_once(self)->impl FnOnce(i64)->Result<i64,SpxCallbackError> {
    |            ^^^^^^^^^
...
132 |     pub fn quarantine(&self) {self.lifecycle.set(2)}
    |            ^^^^^^^^^^

warning: function `deserialize_spxmirrorri13event` is never used
   --> src/../generated/m2/module.rs:167:8
    |
167 | pub fn deserialize_spxmirrorri13event(input:&str)->Result<Event,::serde_json::Error>{::serde_json::from_str::<SpxMirrorri13event>(i...
    |        ^^^^^^^^^^^^^^^^^^^^^^^^^^^^^^

warning: variant `InvalidBool` is never constructed
   --> src/../generated/m2/module.rs:171:73
    |
171 | #[derive(Debug,PartialEq,Eq)]pub enum SpxMirrorri13eventConversionError{InvalidBool(&'static str),InvalidUtf8(&'static str)}
    |                                       --------------------------------- ^^^^^^^^^^^
    |                                       |
    |                                       variant in this enum
    |
    = note: `SpxMirrorri13eventConversionError` has a derived impl for the trait `Debug`, but this is intentionally ignored during dead code analysis

warning: method `to_owned_wire` is never used
   --> src/../generated/m2/module.rs:174:19
    |
174 | impl Event{pub fn to_owned_wire(&self)->(SpxMirrorri13eventWire,usize){let mut copied_payload_bytes=0usize;let value=SpxMirrorri13e...
    | ----------        ^^^^^^^^^^^^^
    | |
    | method in this implementation

warning: field `retryable` is never read
 --> src/../generated/m2/module.rs:4:106
  |
4 | pub enum NativeRustCallError{Semantic{domain_id:&'static str,code:NonZeroU32,class:NativeRustStatusClass,retryable:bool},HostFailed,H...
  |                              -------- field in this variant                                              ^^^^^^^^^

warning: field `local` is never read
  --> src/../generated/m3.rs:18:5
   |
15 | pub struct RegisteredAsyncImport<H> {
   |            --------------------- field in this struct
...
18 |     local: Rc<()>,
   |     ^^^^^

warning: field `0` is never read
  --> src/../generated/m3.rs:24:12
   |
24 |     Source(SourceLocalFutureFailure),
   |     ------ ^^^^^^^^^^^^^^^^^^^^^^^^
   |     |
   |     field in this variant
   |
   = note: `AsyncCallError` has a derived impl for the trait `Debug`, but this is intentionally ignored during dead code analysis
help: consider changing the field to be of unit type to suppress this warning while preserving the field numbering, or remove the field
   |
24 -     Source(SourceLocalFutureFailure),
24 +     Source(()),
   |

warning: method `call` is never used
  --> src/../generated/m3.rs:48:12
   |
45 | impl<H> RegisteredAsyncImport<H> {
   | -------------------------------- method in this implementation
...
48 |     pub fn call<F, E>(
   |            ^^^^

warning: `semaprax-ri13-linked` (bin "consumer") generated 9 warnings
    Finished `dev` profile [unoptimized] target(s) in 21.12s
     Running `/evidence/target/linked/debug/consumer`
ri13-linked-copy-ledger:{"schema":"semaprax.ri13.linked-copy-ledger.v1","m1":{"regex_result_owner":{"status":"measured","adapter_copy_events":0,"adapter_copied_bytes":0,"adapter_borrowed_scan_input_bytes":28,"borrow_matches_target":true,"foreign_target_copied_bytes":{"status":"unavailable","reason":"regex::Regex::is_match does not expose internal copied-byte counts"}},"url_owner_view":{"status":"measured","adapter_copy_events":0,"adapter_copied_bytes":0,"borrow_matches_target":true,"foreign_target_copied_bytes":{"status":"unavailable","reason":"url::Url::parse does not expose a copied-byte counter"}}},"m2":{"serde_record":{"input_json_bytes":25,"output_json_bytes":25,"generated_mirror_string_clone_copied_bytes":3,"generated_mirror_to_record_transferred_string_bytes":6,"generated_mirror_to_record_copied_string_bytes":0,"generated_mirror_to_record_pointers_preserved":true,"deserialize_owned_string_copied_bytes":{"status":"unavailable","reason":"serde_json deserialization does not expose a copied-byte counter"}},"iterator_callback":{"fn_invocations":1,"fn_mut_invocations":1,"scalar_argument_result_copied_bytes":0}}}
ri13-linked-project-ok
