   Compiling proc-macro2 v1.0.107
   Compiling unicode-ident v1.0.24
   Compiling quote v1.0.47
   Compiling syn v2.0.119
   Compiling libc v0.2.189
   Compiling cfg-if v1.0.4
   Compiling syn v3.0.5
   Compiling typenum v1.20.1
   Compiling zeroize_derive v1.5.0
   Compiling zeroize v1.9.0
   Compiling getrandom v0.2.17
   Compiling jobserver v0.1.35
   Compiling shlex v2.0.1
   Compiling find-msvc-tools v0.1.12
   Compiling cc v1.4.6
   Compiling version_check v0.9.5
   Compiling generic-array v0.14.7
   Compiling itoa v1.0.18
   Compiling synstructure v0.13.2
   Compiling memchr v2.8.3
   Compiling block-buffer v0.10.4
   Compiling crypto-common v0.1.7
   Compiling cmake v0.1.58
   Compiling pkg-config v0.3.34
   Compiling fs_extra v1.3.0
   Compiling dunce v1.0.5
   Compiling aws-lc-sys v0.45.0
   Compiling digest v0.10.7
   Compiling zerofrom-derive v0.1.7
   Compiling cpufeatures v0.2.17
   Compiling serde_core v1.0.229
   Compiling zerofrom v0.1.8
   Compiling yoke-derive v0.8.2
   Compiling rand_core v0.6.4
   Compiling pin-project-lite v0.2.17
   Compiling stable_deref_trait v1.2.1
   Compiling yoke v0.8.3
   Compiling signature v2.2.0
   Compiling zmij v1.0.23
   Compiling aws-lc-rs v1.18.1
   Compiling base64ct v1.8.3
   Compiling zerovec-derive v0.11.6
   Compiling serde_json v1.0.151
   Compiling bytes v1.12.1
   Compiling untrusted v0.7.1
   Compiling flagset v0.4.7
   Compiling zerovec v0.11.8
   Compiling displaydoc v0.2.7
   Compiling once_cell v1.21.4
   Compiling cmov v0.5.4
   Compiling base64 v0.22.1
   Compiling futures-core v0.3.34
   Compiling serde v1.0.229
   Compiling const-oid v0.10.2
   Compiling futures-io v0.3.34
   Compiling ctutils v0.4.2
   Compiling ring v0.17.14
   Compiling hybrid-array v0.4.15
   Compiling serde_derive v1.0.229
   Compiling subtle v2.6.1
   Compiling pem-rfc7468 v0.7.0
   Compiling rustls-pki-types v1.15.1
   Compiling mio v1.2.3
   Compiling socket2 v0.6.5
   Compiling der_derive v0.7.3
   Compiling thiserror v2.0.20
   Compiling const-oid v0.9.6
   Compiling futures-sink v0.3.34
   Compiling der v0.7.10
   Compiling tokio v1.53.1
   Compiling block-buffer v0.12.1
   Compiling crypto-common v0.2.2
   Compiling tinystr v0.8.4
   Compiling thiserror-impl v2.0.20
   Compiling tls_codec_derive v0.4.2
   Compiling litemap v0.8.3
   Compiling writeable v0.6.4
   Compiling jiff-core v0.1.1
   Compiling semver v1.0.28
   Compiling untrusted v0.9.0
   Compiling smallvec v1.16.1
   Compiling rustc_version v0.4.1
   Compiling jiff v0.2.37
   Compiling icu_locale_core v2.3.0
   Compiling tls_codec v0.4.2
   Compiling digest v0.11.3
   Compiling spki v0.7.3
   Compiling pem v3.0.6
   Compiling tracing-core v0.1.36
   Compiling zerotrie v0.2.5
   Compiling potential_utf v0.1.6
   Compiling http v1.5.0
   Compiling sha1 v0.10.7
   Compiling tracing-attributes v0.1.31
   Compiling icu_properties_data v2.3.0
   Compiling hex v0.4.3
   Compiling slab v0.4.12
   Compiling icu_normalizer_data v2.3.0
   Compiling utf8_iter v1.0.4
   Compiling icu_collections v2.3.0
   Compiling sigstore-types v0.14.0
   Compiling tracing v0.1.44
   Compiling x509-cert v0.2.5
   Compiling icu_provider v2.3.1
   Compiling curve25519-dalek v4.1.3
   Compiling rustls-webpki v0.103.15
   Compiling getrandom v0.3.4
   Compiling zerocopy v0.8.57
   Compiling http-body v1.1.0
   Compiling curve25519-dalek-derive v0.1.1
   Compiling equivalent v1.0.2
   Compiling rustls v0.23.45
   Compiling httparse v1.10.1
   Compiling cpufeatures v0.3.1
   Compiling hashbrown v0.17.1
   Compiling futures-task v0.3.34
   Compiling percent-encoding v2.3.2
   Compiling futures-util v0.3.34
   Compiling indexmap v2.14.2
   Compiling icu_normalizer v2.3.0
   Compiling icu_properties v2.3.0
   Compiling sigstore-crypto v0.14.0
   Compiling tokio-util v0.7.19
   Compiling ed25519 v2.2.3
   Compiling sha2 v0.10.9
   Compiling getrandom v0.4.3
   Compiling try-lock v0.2.5
   Compiling atomic-waker v1.1.2
   Compiling fnv v1.0.7
   Compiling tower-service v0.3.3
   Compiling h2 v0.4.19
   Compiling want v0.3.1
   Compiling ed25519-dalek v2.2.0
   Compiling ppv-lite86 v0.2.21
   Compiling rand_core v0.9.5
   Compiling idna_adapter v1.2.2
   Compiling sha2 v0.11.0
   Compiling futures-channel v0.3.34
   Compiling bitflags v2.13.2
   Compiling hyper v1.11.1
   Compiling idna v1.1.0
   Compiling rand_chacha v0.9.0
   Compiling form_urlencoded v1.2.2
   Compiling sync_wrapper v1.0.2
   Compiling der_derive v0.8.0
   Compiling tower-layer v0.3.3
   Compiling ipnet v2.12.2
   Compiling openssl-probe v0.2.1
   Compiling rustls-native-certs v0.8.4
   Compiling hyper-util v0.1.20
   Compiling tower v0.5.3
   Compiling der v0.8.2
   Compiling url v2.5.8
   Compiling phc v0.6.1
   Compiling rand v0.9.5
   Compiling tokio-rustls v0.26.5
   Compiling semaprax-doctor-capsule v0.1.0 (/repo/crates/semaprax-doctor-capsule)
   Compiling sigstore-merkle v0.14.0
   Compiling cms v0.2.3
   Compiling rustix v1.1.5
   Compiling ryu-js v1.0.3
   Compiling log v0.4.34
   Compiling rustls-platform-verifier v0.7.0
   Compiling serde_json_canonicalizer v0.3.2
   Compiling sigstore-tsa v0.14.0
   Compiling sigstore-rekor v0.14.0
   Compiling semaprax-native-rust-interop-platform-sys v0.1.0 (/repo/crates/semaprax-native-rust-interop-platform-sys)
   Compiling hyper-rustls v0.27.9
   Compiling password-hash v0.6.1
   Compiling tower-http v0.6.11
   Compiling spki v0.8.0
   Compiling sigstore-trust-root v0.14.0
   Compiling http-body-util v0.1.5
   Compiling sigstore-bundle v0.14.0
   Compiling blake2 v0.11.0
   Compiling base64 v0.23.1
   Compiling leb128fmt v0.1.0
   Compiling semaprax v0.7.0 (/repo)
   Compiling linux-raw-sys v0.12.1
   Compiling wasm-encoder v0.259.0
   Compiling wasmparser v0.259.0
   Compiling reqwest v0.13.5
   Compiling argon2 v0.6.0
   Compiling sigstore-verify v0.14.0
   Compiling x509-cert v0.3.0
   Compiling semaprax-native-rust-interop-platform v0.1.0 (/repo/crates/semaprax-native-rust-interop-platform)
   Compiling hmac v0.13.0
   Compiling webpki-roots v1.0.9
   Compiling fs2 v0.4.3
   Compiling same-file v1.0.6
   Compiling semaprax-native-rust-owned-data-package v0.1.0 (/repo/crates/semaprax-native-rust-owned-data-package)
   Compiling semaprax-rust-api-index v0.1.0 (/repo/crates/semaprax-rust-api-index)
   Compiling semaprax-native-rust-interop v0.1.0 (/repo/crates/semaprax-native-rust-interop-builder)
   Compiling semaprax-ri13-linked-prepare v0.1.0 (/repo/examples/ri13-combined-app/linked/prepare)
    Finished `dev` profile [unoptimized] target(s) in 11m 29s
     Running `/evidence/target/linked/debug/prepare`
ri13-linked-prepared:sha256:559e3c97db192abd8a501412f8df08a26a4655b52ebbe1c05e44ba60762be2f5:sha256:55145a39ed18a105bbe86c9e442a32827958d444da3c2a18f3226b2f3e730cb2
